
> task-smasher@1.0.0 build
> tsc && vite build && electron-builder

node.exe : [33mThe CJS build of
 Vite's Node API is deprecated. 
See https://vite.dev/guide/troub
leshooting.html#vite-cjs-node-ap
i-deprecated for more details.[
39m
所在位置 行:1 字符: 1
+ & "D:\01-software\nodejs/node.
exe" "D:\01-software\nodejs/node
_module ...
+ ~~~~~~~~~~~~~~~~~~~~~~~~~~~~~~
~~~~~~~~~~~~~~~~~~~~~~~~~~~~~~~~
~~~~~~~
    + CategoryInfo          : N 
   otSpecified: ([33mThe CJS   
  bu...e details.[39m:String   
 ) [], RemoteException
    + FullyQualifiedErrorId : N 
   ativeCommandError
 
[36mvite v5.4.21 [32mbuilding for production...[36m[39m
transforming...
[32m鉁?[39m 8 modules transformed.
rendering chunks...
computing gzip size...
[2mdist/[22m[32mindex.html                 [39m[1m[2m  0.43 kB[22m[1m[22m[2m 鈹?gzip:  0.29 kB[22m
[2mdist/[22m[35massets/index-DCVZ7B2b.css  [39m[1m[2m 51.02 kB[22m[1m[22m[2m 鈹?gzip: 10.78 kB[22m
[2mdist/[22m[36massets/index-CSUf35JS.js   [39m[1m[2m311.31 kB[22m[1m[22m[2m 鈹?gzip: 77.07 kB[22m
[32m鉁?built in 647ms[39m
[36mvite v5.4.21 [32mbuilding for production...[36m[39m
transforming...
[32m鉁?[39m 1 modules transformed.
rendering chunks...
computing gzip size...
[2mdist-electron/[22m[36mmain.js  [39m[1m[2m4.25 kB[22m[1m[22m[2m 鈹?gzip: 1.40 kB[22m
[32m鉁?built in 18ms[39m
[36mvite v5.4.21 [32mbuilding for production...[36m[39m
transforming...
[32m鉁?[39m 1 modules transformed.
rendering chunks...
computing gzip size...
[2mdist-electron/[22m[36mpreload.js  [39m[1m[2m0.78 kB[22m[1m[22m[2m 鈹?gzip: 0.31 kB[22m
[32m鉁?built in 12ms[39m
  鈥?electron-builder  version=24.13.3 os=10.0.26200
  鈥?loaded configuration  file=package.json ("build" field)
  鈥?packaging       platform=win32 arch=x64 electron=29.4.6 appOutDir=release\win-unpacked
  鈥?default Electron icon is used  reason=application icon is not set
  鈥?downloading     url=https://github.com/electron-userland/electron-builder-binaries/releases/download/winCodeSign-2.6.0/winCodeSign-2.6.0.7z size=5.6 MB parts=1
  鈥?downloaded      url=https://github.com/electron-userland/electron-builder-binaries/releases/download/winCodeSign-2.6.0/winCodeSign-2.6.0.7z duration=1.654s
  猕?cannot execute  cause=exit status 2
                    out=
    7-Zip (a) 21.07 (x64) : Copyright (c) 1999-2021 Igor Pavlov : 2021-12-26
    
    Scanning the drive for archives:
    1 file, 5635384 bytes (5504 KiB)
    
    Extracting archive: C:\Users\25000\AppData\Local\electron-builder\Cache\winCodeSign\683615739.7z
    --
    Path = C:\Users\25000\AppData\Local\electron-builder\Cache\winCodeSign\683615739.7z
    Type = 7z
    Physical Size = 5635384
    Headers Size = 1492
    Method = LZMA2:24m LZMA:20 BCJ2
    Solid = +
    Blocks = 2
    
    
    Sub items Errors: 2
    
    Archives with Errors: 1
    
    Sub items Errors: 2
    
                    errorOut=ERROR: Cannot create symbolic link : 客户端没有所需的特权。 : C:\Users\25000\AppData\Local\electron-builder\Cache\winCodeSign\683615739\darwin\10.12\lib\libcrypto.dylib
    ERROR: Cannot create symbolic link : 客户端没有所需的特权。 : C:\Users\25000\AppData\Local\electron-builder\Cache\winCodeSign\683615739\darwin\10.12\lib\libssl.dylib
    
                    command='D:\02-My_data\Doctor_at_HNU\03-Project\20260302-妗岄潰浠ｅ姙app\node_modules\7zip-bin\win\x64\7za.exe' x -bd 'C:\Users\25000\AppData\Local\electron-builder\Cache\winCodeSign\683615739.7z' '-oC:\Users\25000\AppData\Local\electron-builder\Cache\winCodeSign\683615739'
                    workingDir=C:\Users\25000\AppData\Local\electron-builder\Cache\winCodeSign
  鈥?Above command failed, retrying 3 more times
  鈥?downloading     url=https://github.com/electron-userland/electron-builder-binaries/releases/download/winCodeSign-2.6.0/winCodeSign-2.6.0.7z size=5.6 MB parts=1
  鈥?downloaded      url=https://github.com/electron-userland/electron-builder-binaries/releases/download/winCodeSign-2.6.0/winCodeSign-2.6.0.7z duration=1.324s
  猕?cannot execute  cause=exit status 2
                    out=
    7-Zip (a) 21.07 (x64) : Copyright (c) 1999-2021 Igor Pavlov : 2021-12-26
    
    Scanning the drive for archives:
    1 file, 5635384 bytes (5504 KiB)
    
    Extracting archive: C:\Users\25000\AppData\Local\electron-builder\Cache\winCodeSign\699595527.7z
    --
    Path = C:\Users\25000\AppData\Local\electron-builder\Cache\winCodeSign\699595527.7z
    Type = 7z
    Physical Size = 5635384
    Headers Size = 1492
    Method = LZMA2:24m LZMA:20 BCJ2
    Solid = +
    Blocks = 2
    
    
    Sub items Errors: 2
    
    Archives with Errors: 1
    
    Sub items Errors: 2
    
                    errorOut=ERROR: Cannot create symbolic link : 客户端没有所需的特权。 : C:\Users\25000\AppData\Local\electron-builder\Cache\winCodeSign\699595527\darwin\10.12\lib\libcrypto.dylib
    ERROR: Cannot create symbolic link : 客户端没有所需的特权。 : C:\Users\25000\AppData\Local\electron-builder\Cache\winCodeSign\699595527\darwin\10.12\lib\libssl.dylib
    
                    command='D:\02-My_data\Doctor_at_HNU\03-Project\20260302-妗岄潰浠ｅ姙app\node_modules\7zip-bin\win\x64\7za.exe' x -bd 'C:\Users\25000\AppData\Local\electron-builder\Cache\winCodeSign\699595527.7z' '-oC:\Users\25000\AppData\Local\electron-builder\Cache\winCodeSign\699595527'
                    workingDir=C:\Users\25000\AppData\Local\electron-builder\Cache\winCodeSign
  鈥?Above command failed, retrying 2 more times
  鈥?downloading     url=https://github.com/electron-userland/electron-builder-binaries/releases/download/winCodeSign-2.6.0/winCodeSign-2.6.0.7z size=5.6 MB parts=1
  鈥?downloaded      url=https://github.com/electron-userland/electron-builder-binaries/releases/download/winCodeSign-2.6.0/winCodeSign-2.6.0.7z duration=1.334s
  猕?cannot execute  cause=exit status 2
                    out=
    7-Zip (a) 21.07 (x64) : Copyright (c) 1999-2021 Igor Pavlov : 2021-12-26
    
    Scanning the drive for archives:
    1 file, 5635384 bytes (5504 KiB)
    
    Extracting archive: C:\Users\25000\AppData\Local\electron-builder\Cache\winCodeSign\324614579.7z
    --
    Path = C:\Users\25000\AppData\Local\electron-builder\Cache\winCodeSign\324614579.7z
    Type = 7z
    Physical Size = 5635384
    Headers Size = 1492
    Method = LZMA2:24m LZMA:20 BCJ2
    Solid = +
    Blocks = 2
    
    
    Sub items Errors: 2
    
    Archives with Errors: 1
    
    Sub items Errors: 2
    
                    errorOut=ERROR: Cannot create symbolic link : 客户端没有所需的特权。 : C:\Users\25000\AppData\Local\electron-builder\Cache\winCodeSign\324614579\darwin\10.12\lib\libcrypto.dylib
    ERROR: Cannot create symbolic link : 客户端没有所需的特权。 : C:\Users\25000\AppData\Local\electron-builder\Cache\winCodeSign\324614579\darwin\10.12\lib\libssl.dylib
    
                    command='D:\02-My_data\Doctor_at_HNU\03-Project\20260302-妗岄潰浠ｅ姙app\node_modules\7zip-bin\win\x64\7za.exe' x -bd 'C:\Users\25000\AppData\Local\electron-builder\Cache\winCodeSign\324614579.7z' '-oC:\Users\25000\AppData\Local\electron-builder\Cache\winCodeSign\324614579'
                    workingDir=C:\Users\25000\AppData\Local\electron-builder\Cache\winCodeSign
  鈥?Above command failed, retrying 1 more times
  鈥?downloading     url=https://github.com/electron-userland/electron-builder-binaries/releases/download/winCodeSign-2.6.0/winCodeSign-2.6.0.7z size=5.6 MB parts=1
  鈥?downloaded      url=https://github.com/electron-userland/electron-builder-binaries/releases/download/winCodeSign-2.6.0/winCodeSign-2.6.0.7z duration=2.316s
  猕?cannot execute  cause=exit status 2
                    out=
    7-Zip (a) 21.07 (x64) : Copyright (c) 1999-2021 Igor Pavlov : 2021-12-26
    
    Scanning the drive for archives:
    1 file, 5635384 bytes (5504 KiB)
    
    Extracting archive: C:\Users\25000\AppData\Local\electron-builder\Cache\winCodeSign\667560503.7z
    --
    Path = C:\Users\25000\AppData\Local\electron-builder\Cache\winCodeSign\667560503.7z
    Type = 7z
    Physical Size = 5635384
    Headers Size = 1492
    Method = LZMA2:24m LZMA:20 BCJ2
    Solid = +
    Blocks = 2
    
    
    Sub items Errors: 2
    
    Archives with Errors: 1
    
    Sub items Errors: 2
    
                    errorOut=ERROR: Cannot create symbolic link : 客户端没有所需的特权。 : C:\Users\25000\AppData\Local\electron-builder\Cache\winCodeSign\667560503\darwin\10.12\lib\libcrypto.dylib
    ERROR: Cannot create symbolic link : 客户端没有所需的特权。 : C:\Users\25000\AppData\Local\electron-builder\Cache\winCodeSign\667560503\darwin\10.12\lib\libssl.dylib
    
                    command='D:\02-My_data\Doctor_at_HNU\03-Project\20260302-妗岄潰浠ｅ姙app\node_modules\7zip-bin\win\x64\7za.exe' x -bd 'C:\Users\25000\AppData\Local\electron-builder\Cache\winCodeSign\667560503.7z' '-oC:\Users\25000\AppData\Local\electron-builder\Cache\winCodeSign\667560503'
                    workingDir=C:\Users\25000\AppData\Local\electron-builder\Cache\winCodeSign
  鈥?Above command failed, retrying 0 more times
